[2022-12-29T11:40:40.725+0200][gc,heap] Heap region size: 1M
[2022-12-29T11:40:40.733+0200][gc     ] Using G1
[2022-12-29T11:40:40.733+0200][gc,heap,coops] Heap address: 0x00000000c0000000, size: 1024 MB, Compressed Oops mode: 32-bit
[2022-12-29T11:40:42.120+0200][gc,start     ] GC(0) Pause Young (Concurrent Start) (Metadata GC Threshold)
[2022-12-29T11:40:42.121+0200][gc,task      ] GC(0) Using 10 workers of 10 for evacuation
[2022-12-29T11:40:42.126+0200][gc,phases    ] GC(0)   Pre Evacuate Collection Set: 0.0ms
[2022-12-29T11:40:42.126+0200][gc,phases    ] GC(0)   Evacuate Collection Set: 4.2ms
[2022-12-29T11:40:42.126+0200][gc,phases    ] GC(0)   Post Evacuate Collection Set: 0.5ms
[2022-12-29T11:40:42.126+0200][gc,phases    ] GC(0)   Other: 1.4ms
[2022-12-29T11:40:42.126+0200][gc,heap      ] GC(0) Eden regions: 49->0(44)
[2022-12-29T11:40:42.126+0200][gc,heap      ] GC(0) Survivor regions: 0->7(7)
[2022-12-29T11:40:42.126+0200][gc,heap      ] GC(0) Old regions: 0->1
[2022-12-29T11:40:42.126+0200][gc,heap      ] GC(0) Humongous regions: 0->0
[2022-12-29T11:40:42.126+0200][gc,metaspace ] GC(0) Metaspace: 20836K(21248K)->20836K(21248K) NonClass: 18497K(18688K)->18497K(18688K) Class: 2339K(2560K)->2339K(2560K)
[2022-12-29T11:40:42.126+0200][gc           ] GC(0) Pause Young (Concurrent Start) (Metadata GC Threshold) 48M->7M(1024M) 6.270ms
[2022-12-29T11:40:42.126+0200][gc,cpu       ] GC(0) User=0.03s Sys=0.01s Real=0.01s
[2022-12-29T11:40:42.126+0200][gc           ] GC(1) Concurrent Cycle
[2022-12-29T11:40:42.127+0200][gc,marking   ] GC(1) Concurrent Clear Claimed Marks
[2022-12-29T11:40:42.127+0200][gc,marking   ] GC(1) Concurrent Clear Claimed Marks 0.059ms
[2022-12-29T11:40:42.127+0200][gc,marking   ] GC(1) Concurrent Scan Root Regions
[2022-12-29T11:40:42.129+0200][gc,marking   ] GC(1) Concurrent Scan Root Regions 2.224ms
[2022-12-29T11:40:42.129+0200][gc,marking   ] GC(1) Concurrent Mark (1.422s)
[2022-12-29T11:40:42.129+0200][gc,marking   ] GC(1) Concurrent Mark From Roots
[2022-12-29T11:40:42.129+0200][gc,task      ] GC(1) Using 3 workers of 3 for marking
[2022-12-29T11:40:42.132+0200][gc,marking   ] GC(1) Concurrent Mark From Roots 3.475ms
[2022-12-29T11:40:42.132+0200][gc,marking   ] GC(1) Concurrent Preclean
[2022-12-29T11:40:42.132+0200][gc,marking   ] GC(1) Concurrent Preclean 0.129ms
[2022-12-29T11:40:42.132+0200][gc,marking   ] GC(1) Concurrent Mark (1.422s, 1.426s) 3.656ms
[2022-12-29T11:40:42.133+0200][gc,start     ] GC(1) Pause Remark
[2022-12-29T11:40:42.134+0200][gc,stringtable] GC(1) Cleaned string and symbol table, strings: 7099 processed, 0 removed, symbols: 66020 processed, 26 removed
[2022-12-29T11:40:42.134+0200][gc            ] GC(1) Pause Remark 8M->8M(1024M) 1.240ms
[2022-12-29T11:40:42.134+0200][gc,cpu        ] GC(1) User=0.01s Sys=0.00s Real=0.01s
[2022-12-29T11:40:42.134+0200][gc,marking    ] GC(1) Concurrent Rebuild Remembered Sets
[2022-12-29T11:40:42.134+0200][gc,marking    ] GC(1) Concurrent Rebuild Remembered Sets 0.225ms
[2022-12-29T11:40:42.134+0200][gc,start      ] GC(1) Pause Cleanup
[2022-12-29T11:40:42.134+0200][gc            ] GC(1) Pause Cleanup 8M->8M(1024M) 0.178ms
[2022-12-29T11:40:42.134+0200][gc,cpu        ] GC(1) User=0.00s Sys=0.00s Real=0.00s
[2022-12-29T11:40:42.134+0200][gc,marking    ] GC(1) Concurrent Cleanup for Next Mark
[2022-12-29T11:40:42.137+0200][gc,marking    ] GC(1) Concurrent Cleanup for Next Mark 2.547ms
[2022-12-29T11:40:42.137+0200][gc            ] GC(1) Concurrent Cycle 10.448ms
[2022-12-29T11:40:43.044+0200][gc,start      ] GC(2) Pause Young (Normal) (G1 Evacuation Pause)
[2022-12-29T11:40:43.044+0200][gc,task       ] GC(2) Using 10 workers of 10 for evacuation
[2022-12-29T11:40:43.051+0200][gc,phases     ] GC(2)   Pre Evacuate Collection Set: 0.0ms
[2022-12-29T11:40:43.051+0200][gc,phases     ] GC(2)   Evacuate Collection Set: 6.4ms
[2022-12-29T11:40:43.051+0200][gc,phases     ] GC(2)   Post Evacuate Collection Set: 0.5ms
[2022-12-29T11:40:43.051+0200][gc,phases     ] GC(2)   Other: 0.4ms
[2022-12-29T11:40:43.051+0200][gc,heap       ] GC(2) Eden regions: 44->0(48)
[2022-12-29T11:40:43.052+0200][gc,heap       ] GC(2) Survivor regions: 7->3(7)
[2022-12-29T11:40:43.052+0200][gc,heap       ] GC(2) Old regions: 1->7
[2022-12-29T11:40:43.052+0200][gc,heap       ] GC(2) Humongous regions: 129->129
[2022-12-29T11:40:43.052+0200][gc,metaspace  ] GC(2) Metaspace: 29081K(29952K)->29081K(29952K) NonClass: 25636K(26112K)->25636K(26112K) Class: 3444K(3840K)->3444K(3840K)
[2022-12-29T11:40:43.052+0200][gc            ] GC(2) Pause Young (Normal) (G1 Evacuation Pause) 180M->137M(1024M) 7.538ms
[2022-12-29T11:40:43.052+0200][gc,cpu        ] GC(2) User=0.06s Sys=0.01s Real=0.01s
[2022-12-29T11:40:43.402+0200][gc,start      ] GC(3) Pause Young (Concurrent Start) (Metadata GC Threshold)
[2022-12-29T11:40:43.402+0200][gc,task       ] GC(3) Using 10 workers of 10 for evacuation
[2022-12-29T11:40:43.406+0200][gc,phases     ] GC(3)   Pre Evacuate Collection Set: 0.1ms
[2022-12-29T11:40:43.406+0200][gc,phases     ] GC(3)   Evacuate Collection Set: 3.2ms
[2022-12-29T11:40:43.406+0200][gc,phases     ] GC(3)   Post Evacuate Collection Set: 0.4ms
[2022-12-29T11:40:43.406+0200][gc,phases     ] GC(3)   Other: 0.3ms
[2022-12-29T11:40:43.406+0200][gc,heap       ] GC(3) Eden regions: 35->0(46)
[2022-12-29T11:40:43.406+0200][gc,heap       ] GC(3) Survivor regions: 3->5(7)
[2022-12-29T11:40:43.406+0200][gc,heap       ] GC(3) Old regions: 7->7
[2022-12-29T11:40:43.406+0200][gc,heap       ] GC(3) Humongous regions: 129->129
[2022-12-29T11:40:43.406+0200][gc,metaspace  ] GC(3) Metaspace: 34899K(35840K)->34899K(35840K) NonClass: 30947K(31488K)->30947K(31488K) Class: 3951K(4352K)->3951K(4352K)
[2022-12-29T11:40:43.406+0200][gc            ] GC(3) Pause Young (Concurrent Start) (Metadata GC Threshold) 172M->139M(1024M) 4.068ms
[2022-12-29T11:40:43.407+0200][gc,cpu        ] GC(3) User=0.03s Sys=0.00s Real=0.01s
[2022-12-29T11:40:43.407+0200][gc            ] GC(4) Concurrent Cycle
[2022-12-29T11:40:43.407+0200][gc,marking    ] GC(4) Concurrent Clear Claimed Marks
[2022-12-29T11:40:43.407+0200][gc,marking    ] GC(4) Concurrent Clear Claimed Marks 0.045ms
[2022-12-29T11:40:43.407+0200][gc,marking    ] GC(4) Concurrent Scan Root Regions
[2022-12-29T11:40:43.408+0200][gc,marking    ] GC(4) Concurrent Scan Root Regions 1.166ms
[2022-12-29T11:40:43.408+0200][gc,marking    ] GC(4) Concurrent Mark (2.701s)
[2022-12-29T11:40:43.408+0200][gc,marking    ] GC(4) Concurrent Mark From Roots
[2022-12-29T11:40:43.408+0200][gc,task       ] GC(4) Using 3 workers of 3 for marking
[2022-12-29T11:40:43.411+0200][gc,marking    ] GC(4) Concurrent Mark From Roots 2.892ms
[2022-12-29T11:40:43.411+0200][gc,marking    ] GC(4) Concurrent Preclean
[2022-12-29T11:40:43.411+0200][gc,marking    ] GC(4) Concurrent Preclean 0.155ms
[2022-12-29T11:40:43.411+0200][gc,marking    ] GC(4) Concurrent Mark (2.701s, 2.704s) 3.085ms
[2022-12-29T11:40:43.411+0200][gc,start      ] GC(4) Pause Remark
[2022-12-29T11:40:43.418+0200][gc,stringtable] GC(4) Cleaned string and symbol table, strings: 11541 processed, 10 removed, symbols: 97707 processed, 22 removed
[2022-12-29T11:40:43.418+0200][gc            ] GC(4) Pause Remark 140M->140M(1024M) 7.420ms
[2022-12-29T11:40:43.418+0200][gc,cpu        ] GC(4) User=0.06s Sys=0.00s Real=0.01s
[2022-12-29T11:40:43.419+0200][gc,marking    ] GC(4) Concurrent Rebuild Remembered Sets
[2022-12-29T11:40:43.420+0200][gc,marking    ] GC(4) Concurrent Rebuild Remembered Sets 1.446ms
[2022-12-29T11:40:43.420+0200][gc,start      ] GC(4) Pause Cleanup
[2022-12-29T11:40:43.420+0200][gc            ] GC(4) Pause Cleanup 140M->140M(1024M) 0.198ms
[2022-12-29T11:40:43.420+0200][gc,cpu        ] GC(4) User=0.01s Sys=0.00s Real=0.00s
[2022-12-29T11:40:43.420+0200][gc,marking    ] GC(4) Concurrent Cleanup for Next Mark
[2022-12-29T11:40:43.423+0200][gc,marking    ] GC(4) Concurrent Cleanup for Next Mark 2.840ms
[2022-12-29T11:40:43.423+0200][gc            ] GC(4) Concurrent Cycle 16.771ms
[2022-12-29T11:41:12.694+0200][gc,start      ] GC(5) Pause Young (Normal) (G1 Evacuation Pause)
[2022-12-29T11:41:12.694+0200][gc,task       ] GC(5) Using 10 workers of 10 for evacuation
[2022-12-29T11:41:12.706+0200][gc,phases     ] GC(5)   Pre Evacuate Collection Set: 0.2ms
[2022-12-29T11:41:12.706+0200][gc,phases     ] GC(5)   Evacuate Collection Set: 10.6ms
[2022-12-29T11:41:12.706+0200][gc,phases     ] GC(5)   Post Evacuate Collection Set: 0.9ms
[2022-12-29T11:41:12.706+0200][gc,phases     ] GC(5)   Other: 0.4ms
[2022-12-29T11:41:12.706+0200][gc,heap       ] GC(5) Eden regions: 46->0(46)
[2022-12-29T11:41:12.706+0200][gc,heap       ] GC(5) Survivor regions: 5->5(7)
[2022-12-29T11:41:12.706+0200][gc,heap       ] GC(5) Old regions: 7->9
[2022-12-29T11:41:12.706+0200][gc,heap       ] GC(5) Humongous regions: 129->129
[2022-12-29T11:41:12.706+0200][gc,metaspace  ] GC(5) Metaspace: 42740K(44416K)->42740K(44416K) NonClass: 37771K(38656K)->37771K(38656K) Class: 4969K(5760K)->4969K(5760K)
[2022-12-29T11:41:12.706+0200][gc            ] GC(5) Pause Young (Normal) (G1 Evacuation Pause) 185M->142M(1024M) 12.240ms
[2022-12-29T11:41:12.706+0200][gc,cpu        ] GC(5) User=0.11s Sys=0.00s Real=0.01s
[2022-12-29T11:45:05.233+0200][gc,start      ] GC(6) Pause Young (Normal) (G1 Evacuation Pause)
[2022-12-29T11:45:05.233+0200][gc,task       ] GC(6) Using 10 workers of 10 for evacuation
[2022-12-29T11:45:05.236+0200][gc,phases     ] GC(6)   Pre Evacuate Collection Set: 0.2ms
[2022-12-29T11:45:05.236+0200][gc,phases     ] GC(6)   Evacuate Collection Set: 2.6ms
[2022-12-29T11:45:05.236+0200][gc,phases     ] GC(6)   Post Evacuate Collection Set: 0.4ms
[2022-12-29T11:45:05.236+0200][gc,phases     ] GC(6)   Other: 0.1ms
[2022-12-29T11:45:05.236+0200][gc,heap       ] GC(6) Eden regions: 46->0(45)
[2022-12-29T11:45:05.236+0200][gc,heap       ] GC(6) Survivor regions: 5->6(7)
[2022-12-29T11:45:05.236+0200][gc,heap       ] GC(6) Old regions: 9->11
[2022-12-29T11:45:05.236+0200][gc,heap       ] GC(6) Humongous regions: 129->129
[2022-12-29T11:45:05.236+0200][gc,metaspace  ] GC(6) Metaspace: 48699K(51328K)->48699K(51328K) NonClass: 42503K(43776K)->42503K(43776K) Class: 6195K(7552K)->6195K(7552K)
[2022-12-29T11:45:05.236+0200][gc            ] GC(6) Pause Young (Normal) (G1 Evacuation Pause) 188M->145M(1024M) 3.333ms
[2022-12-29T11:45:05.236+0200][gc,cpu        ] GC(6) User=0.02s Sys=0.00s Real=0.01s
[2022-12-29T12:11:12.573+0200][gc,start      ] GC(7) Pause Young (Normal) (G1 Evacuation Pause)
[2022-12-29T12:11:12.596+0200][gc,task       ] GC(7) Using 10 workers of 10 for evacuation
[2022-12-29T12:11:12.599+0200][gc,phases     ] GC(7)   Pre Evacuate Collection Set: 0.1ms
[2022-12-29T12:11:12.599+0200][gc,phases     ] GC(7)   Evacuate Collection Set: 2.5ms
[2022-12-29T12:11:12.599+0200][gc,phases     ] GC(7)   Post Evacuate Collection Set: 0.6ms
[2022-12-29T12:11:12.599+0200][gc,phases     ] GC(7)   Other: 23.1ms
[2022-12-29T12:11:12.599+0200][gc,heap       ] GC(7) Eden regions: 45->0(47)
[2022-12-29T12:11:12.599+0200][gc,heap       ] GC(7) Survivor regions: 6->4(7)
[2022-12-29T12:11:12.599+0200][gc,heap       ] GC(7) Old regions: 11->14
[2022-12-29T12:11:12.599+0200][gc,heap       ] GC(7) Humongous regions: 129->129
[2022-12-29T12:11:12.599+0200][gc,metaspace  ] GC(7) Metaspace: 50545K(53504K)->50545K(53504K) NonClass: 44056K(45568K)->44056K(45568K) Class: 6488K(7936K)->6488K(7936K)
[2022-12-29T12:11:12.599+0200][gc            ] GC(7) Pause Young (Normal) (G1 Evacuation Pause) 190M->146M(1024M) 26.366ms
[2022-12-29T12:11:12.599+0200][gc,cpu        ] GC(7) User=0.02s Sys=0.00s Real=0.02s
[2022-12-29T12:47:12.768+0200][gc,start      ] GC(8) Pause Young (Normal) (G1 Evacuation Pause)
[2022-12-29T12:47:12.768+0200][gc,task       ] GC(8) Using 10 workers of 10 for evacuation
[2022-12-29T12:47:12.775+0200][gc,phases     ] GC(8)   Pre Evacuate Collection Set: 0.1ms
[2022-12-29T12:47:12.775+0200][gc,phases     ] GC(8)   Evacuate Collection Set: 5.5ms
[2022-12-29T12:47:12.775+0200][gc,phases     ] GC(8)   Post Evacuate Collection Set: 0.6ms
[2022-12-29T12:47:12.775+0200][gc,phases     ] GC(8)   Other: 0.4ms
[2022-12-29T12:47:12.775+0200][gc,heap       ] GC(8) Eden regions: 47->0(47)
[2022-12-29T12:47:12.775+0200][gc,heap       ] GC(8) Survivor regions: 4->4(7)
[2022-12-29T12:47:12.775+0200][gc,heap       ] GC(8) Old regions: 14->14
[2022-12-29T12:47:12.775+0200][gc,heap       ] GC(8) Humongous regions: 129->129
[2022-12-29T12:47:12.775+0200][gc,metaspace  ] GC(8) Metaspace: 50779K(53760K)->50779K(53760K) NonClass: 44285K(45824K)->44285K(45824K) Class: 6493K(7936K)->6493K(7936K)
[2022-12-29T12:47:12.775+0200][gc            ] GC(8) Pause Young (Normal) (G1 Evacuation Pause) 193M->145M(1024M) 6.632ms
[2022-12-29T12:47:12.775+0200][gc,cpu        ] GC(8) User=0.05s Sys=0.01s Real=0.01s
[2022-12-29T14:04:42.131+0200][gc,start      ] GC(9) Pause Young (Normal) (G1 Evacuation Pause)
[2022-12-29T14:04:42.131+0200][gc,task       ] GC(9) Using 10 workers of 10 for evacuation
[2022-12-29T14:04:42.133+0200][gc,phases     ] GC(9)   Pre Evacuate Collection Set: 0.0ms
[2022-12-29T14:04:42.133+0200][gc,phases     ] GC(9)   Evacuate Collection Set: 1.6ms
[2022-12-29T14:04:42.133+0200][gc,phases     ] GC(9)   Post Evacuate Collection Set: 0.7ms
[2022-12-29T14:04:42.133+0200][gc,phases     ] GC(9)   Other: 0.2ms
[2022-12-29T14:04:42.133+0200][gc,heap       ] GC(9) Eden regions: 47->0(54)
[2022-12-29T14:04:42.133+0200][gc,heap       ] GC(9) Survivor regions: 4->4(7)
[2022-12-29T14:04:42.133+0200][gc,heap       ] GC(9) Old regions: 14->14
[2022-12-29T14:04:42.133+0200][gc,heap       ] GC(9) Humongous regions: 129->129
[2022-12-29T14:04:42.133+0200][gc,metaspace  ] GC(9) Metaspace: 50829K(53760K)->50829K(53760K) NonClass: 44335K(45824K)->44335K(45824K) Class: 6493K(7936K)->6493K(7936K)
[2022-12-29T14:04:42.133+0200][gc            ] GC(9) Pause Young (Normal) (G1 Evacuation Pause) 192M->145M(1024M) 2.613ms
[2022-12-29T14:04:42.133+0200][gc,cpu        ] GC(9) User=0.01s Sys=0.00s Real=0.00s
[2022-12-29T14:46:29.118+0200][gc,start      ] GC(10) Pause Young (Normal) (G1 Evacuation Pause)
[2022-12-29T14:46:29.119+0200][gc,task       ] GC(10) Using 10 workers of 10 for evacuation
[2022-12-29T14:46:29.126+0200][gc,phases     ] GC(10)   Pre Evacuate Collection Set: 0.2ms
[2022-12-29T14:46:29.126+0200][gc,phases     ] GC(10)   Evacuate Collection Set: 6.5ms
[2022-12-29T14:46:29.126+0200][gc,phases     ] GC(10)   Post Evacuate Collection Set: 0.7ms
[2022-12-29T14:46:29.126+0200][gc,phases     ] GC(10)   Other: 0.6ms
[2022-12-29T14:46:29.126+0200][gc,heap       ] GC(10) Eden regions: 54->0(65)
[2022-12-29T14:46:29.126+0200][gc,heap       ] GC(10) Survivor regions: 4->4(8)
[2022-12-29T14:46:29.126+0200][gc,heap       ] GC(10) Old regions: 14->14
[2022-12-29T14:46:29.126+0200][gc,heap       ] GC(10) Humongous regions: 129->129
[2022-12-29T14:46:29.126+0200][gc,metaspace  ] GC(10) Metaspace: 50854K(53760K)->50854K(53760K) NonClass: 44360K(45824K)->44360K(45824K) Class: 6493K(7936K)->6493K(7936K)
[2022-12-29T14:46:29.126+0200][gc            ] GC(10) Pause Young (Normal) (G1 Evacuation Pause) 199M->145M(1024M) 8.025ms
[2022-12-29T14:46:29.126+0200][gc,cpu        ] GC(10) User=0.05s Sys=0.01s Real=0.01s
[2022-12-29T15:37:14.118+0200][gc,start      ] GC(11) Pause Young (Normal) (G1 Evacuation Pause)
[2022-12-29T15:37:14.119+0200][gc,task       ] GC(11) Using 10 workers of 10 for evacuation
[2022-12-29T15:37:14.129+0200][gc,phases     ] GC(11)   Pre Evacuate Collection Set: 0.0ms
[2022-12-29T15:37:14.129+0200][gc,phases     ] GC(11)   Evacuate Collection Set: 7.9ms
[2022-12-29T15:37:14.129+0200][gc,phases     ] GC(11)   Post Evacuate Collection Set: 1.6ms
[2022-12-29T15:37:14.129+0200][gc,phases     ] GC(11)   Other: 0.6ms
[2022-12-29T15:37:14.129+0200][gc,heap       ] GC(11) Eden regions: 65->0(80)
[2022-12-29T15:37:14.129+0200][gc,heap       ] GC(11) Survivor regions: 4->4(9)
[2022-12-29T15:37:14.129+0200][gc,heap       ] GC(11) Old regions: 14->14
[2022-12-29T15:37:14.129+0200][gc,heap       ] GC(11) Humongous regions: 129->129
[2022-12-29T15:37:14.129+0200][gc,metaspace  ] GC(11) Metaspace: 50862K(53760K)->50862K(53760K) NonClass: 44368K(45824K)->44368K(45824K) Class: 6493K(7936K)->6493K(7936K)
[2022-12-29T15:37:14.129+0200][gc            ] GC(11) Pause Young (Normal) (G1 Evacuation Pause) 210M->145M(1024M) 10.643ms
[2022-12-29T15:37:14.129+0200][gc,cpu        ] GC(11) User=0.08s Sys=0.00s Real=0.02s
[2022-12-29T16:39:29.880+0200][gc,start      ] GC(12) Pause Young (Normal) (G1 Evacuation Pause)
[2022-12-29T16:39:29.881+0200][gc,task       ] GC(12) Using 10 workers of 10 for evacuation
[2022-12-29T16:39:29.955+0200][gc,mmu        ] GC(12) MMU target violated: 21.0ms (20.0ms/21.0ms)
[2022-12-29T16:39:29.955+0200][gc,phases     ] GC(12)   Pre Evacuate Collection Set: 0.5ms
[2022-12-29T16:39:29.955+0200][gc,phases     ] GC(12)   Evacuate Collection Set: 46.1ms
[2022-12-29T16:39:29.955+0200][gc,phases     ] GC(12)   Post Evacuate Collection Set: 27.6ms
[2022-12-29T16:39:29.955+0200][gc,phases     ] GC(12)   Other: 0.5ms
[2022-12-29T16:39:29.955+0200][gc,heap       ] GC(12) Eden regions: 80->0(82)
[2022-12-29T16:39:29.955+0200][gc,heap       ] GC(12) Survivor regions: 4->4(11)
[2022-12-29T16:39:29.955+0200][gc,heap       ] GC(12) Old regions: 14->14
[2022-12-29T16:39:29.955+0200][gc,heap       ] GC(12) Humongous regions: 129->129
[2022-12-29T16:39:29.955+0200][gc,metaspace  ] GC(12) Metaspace: 50881K(53760K)->50881K(53760K) NonClass: 44387K(45824K)->44387K(45824K) Class: 6493K(7936K)->6493K(7936K)
[2022-12-29T16:39:29.955+0200][gc            ] GC(12) Pause Young (Normal) (G1 Evacuation Pause) 225M->145M(1024M) 74.643ms
[2022-12-29T16:39:29.955+0200][gc,cpu        ] GC(12) User=0.09s Sys=0.00s Real=0.07s
[2022-12-29T18:04:05.286+0200][gc,start      ] GC(13) Pause Young (Normal) (G1 Evacuation Pause)
[2022-12-29T18:04:05.286+0200][gc,task       ] GC(13) Using 10 workers of 10 for evacuation
[2022-12-29T18:04:05.328+0200][gc,mmu        ] GC(13) MMU target violated: 21.0ms (20.0ms/21.0ms)
[2022-12-29T18:04:05.328+0200][gc,phases     ] GC(13)   Pre Evacuate Collection Set: 0.1ms
[2022-12-29T18:04:05.328+0200][gc,phases     ] GC(13)   Evacuate Collection Set: 29.3ms
[2022-12-29T18:04:05.328+0200][gc,phases     ] GC(13)   Post Evacuate Collection Set: 12.5ms
[2022-12-29T18:04:05.328+0200][gc,phases     ] GC(13)   Other: 0.5ms
[2022-12-29T18:04:05.328+0200][gc,heap       ] GC(13) Eden regions: 82->0(47)
[2022-12-29T18:04:05.328+0200][gc,heap       ] GC(13) Survivor regions: 4->4(11)
[2022-12-29T18:04:05.328+0200][gc,heap       ] GC(13) Old regions: 14->14
[2022-12-29T18:04:05.328+0200][gc,heap       ] GC(13) Humongous regions: 129->129
[2022-12-29T18:04:05.328+0200][gc,metaspace  ] GC(13) Metaspace: 50902K(53760K)->50902K(53760K) NonClass: 44408K(45824K)->44408K(45824K) Class: 6493K(7936K)->6493K(7936K)
[2022-12-29T18:04:05.328+0200][gc            ] GC(13) Pause Young (Normal) (G1 Evacuation Pause) 227M->145M(1024M) 42.309ms
[2022-12-29T18:04:05.328+0200][gc,cpu        ] GC(13) User=0.07s Sys=0.01s Real=0.05s
[2022-12-29T22:51:36.533+0200][gc,start      ] GC(14) Pause Young (Normal) (G1 Evacuation Pause)
[2022-12-29T22:51:36.533+0200][gc,task       ] GC(14) Using 10 workers of 10 for evacuation
[2022-12-29T22:51:36.537+0200][gc,phases     ] GC(14)   Pre Evacuate Collection Set: 0.0ms
[2022-12-29T22:51:36.537+0200][gc,phases     ] GC(14)   Evacuate Collection Set: 3.1ms
[2022-12-29T22:51:36.537+0200][gc,phases     ] GC(14)   Post Evacuate Collection Set: 1.4ms
[2022-12-29T22:51:36.537+0200][gc,phases     ] GC(14)   Other: 0.2ms
[2022-12-29T22:51:36.537+0200][gc,heap       ] GC(14) Eden regions: 47->0(57)
[2022-12-29T22:51:36.537+0200][gc,heap       ] GC(14) Survivor regions: 4->4(7)
[2022-12-29T22:51:36.537+0200][gc,heap       ] GC(14) Old regions: 14->14
[2022-12-29T22:51:36.537+0200][gc,heap       ] GC(14) Humongous regions: 129->129
[2022-12-29T22:51:36.537+0200][gc,metaspace  ] GC(14) Metaspace: 50902K(53760K)->50902K(53760K) NonClass: 44408K(45824K)->44408K(45824K) Class: 6493K(7936K)->6493K(7936K)
[2022-12-29T22:51:36.537+0200][gc            ] GC(14) Pause Young (Normal) (G1 Evacuation Pause) 192M->145M(1024M) 4.789ms
[2022-12-29T22:51:36.537+0200][gc,cpu        ] GC(14) User=0.02s Sys=0.00s Real=0.01s
[2022-12-29T23:35:59.072+0200][gc,start      ] GC(15) Pause Young (Normal) (G1 Evacuation Pause)
[2022-12-29T23:35:59.101+0200][gc,task       ] GC(15) Using 10 workers of 10 for evacuation
[2022-12-29T23:35:59.139+0200][gc,mmu        ] GC(15) MMU target violated: 21.0ms (20.0ms/21.0ms)
[2022-12-29T23:35:59.139+0200][gc,phases     ] GC(15)   Pre Evacuate Collection Set: 0.2ms
[2022-12-29T23:35:59.139+0200][gc,phases     ] GC(15)   Evacuate Collection Set: 36.8ms
[2022-12-29T23:35:59.139+0200][gc,phases     ] GC(15)   Post Evacuate Collection Set: 0.7ms
[2022-12-29T23:35:59.139+0200][gc,phases     ] GC(15)   Other: 29.6ms
[2022-12-29T23:35:59.139+0200][gc,heap       ] GC(15) Eden regions: 57->0(62)
[2022-12-29T23:35:59.139+0200][gc,heap       ] GC(15) Survivor regions: 4->4(8)
[2022-12-29T23:35:59.139+0200][gc,heap       ] GC(15) Old regions: 14->14
[2022-12-29T23:35:59.139+0200][gc,heap       ] GC(15) Humongous regions: 129->129
[2022-12-29T23:35:59.139+0200][gc,metaspace  ] GC(15) Metaspace: 50912K(53760K)->50912K(53760K) NonClass: 44418K(45824K)->44418K(45824K) Class: 6493K(7936K)->6493K(7936K)
[2022-12-29T23:35:59.139+0200][gc            ] GC(15) Pause Young (Normal) (G1 Evacuation Pause) 202M->145M(1024M) 67.288ms
[2022-12-29T23:35:59.139+0200][gc,cpu        ] GC(15) User=0.30s Sys=0.00s Real=0.07s
[2022-12-30T13:55:02.104+0200][gc,start      ] GC(16) Pause Young (Normal) (G1 Evacuation Pause)
[2022-12-30T13:55:02.104+0200][gc,task       ] GC(16) Using 10 workers of 10 for evacuation
[2022-12-30T13:55:02.108+0200][gc,phases     ] GC(16)   Pre Evacuate Collection Set: 0.0ms
[2022-12-30T13:55:02.108+0200][gc,phases     ] GC(16)   Evacuate Collection Set: 2.9ms
[2022-12-30T13:55:02.108+0200][gc,phases     ] GC(16)   Post Evacuate Collection Set: 0.7ms
[2022-12-30T13:55:02.108+0200][gc,phases     ] GC(16)   Other: 0.2ms
[2022-12-30T13:55:02.108+0200][gc,heap       ] GC(16) Eden regions: 62->0(73)
[2022-12-30T13:55:02.108+0200][gc,heap       ] GC(16) Survivor regions: 4->4(9)
[2022-12-30T13:55:02.108+0200][gc,heap       ] GC(16) Old regions: 14->14
[2022-12-30T13:55:02.108+0200][gc,heap       ] GC(16) Humongous regions: 129->129
[2022-12-30T13:55:02.108+0200][gc,metaspace  ] GC(16) Metaspace: 50913K(53760K)->50913K(53760K) NonClass: 44419K(45824K)->44419K(45824K) Class: 6493K(7936K)->6493K(7936K)
[2022-12-30T13:55:02.108+0200][gc            ] GC(16) Pause Young (Normal) (G1 Evacuation Pause) 207M->145M(1024M) 4.052ms
[2022-12-30T13:55:02.108+0200][gc,cpu        ] GC(16) User=0.01s Sys=0.02s Real=0.01s
[2022-12-30T14:52:17.104+0200][gc,start      ] GC(17) Pause Young (Normal) (G1 Evacuation Pause)
[2022-12-30T14:52:17.104+0200][gc,task       ] GC(17) Using 10 workers of 10 for evacuation
[2022-12-30T14:52:17.110+0200][gc,phases     ] GC(17)   Pre Evacuate Collection Set: 0.0ms
[2022-12-30T14:52:17.110+0200][gc,phases     ] GC(17)   Evacuate Collection Set: 4.7ms
[2022-12-30T14:52:17.110+0200][gc,phases     ] GC(17)   Post Evacuate Collection Set: 1.3ms
[2022-12-30T14:52:17.110+0200][gc,phases     ] GC(17)   Other: 0.4ms
[2022-12-30T14:52:17.110+0200][gc,heap       ] GC(17) Eden regions: 73->0(84)
[2022-12-30T14:52:17.110+0200][gc,heap       ] GC(17) Survivor regions: 4->4(10)
[2022-12-30T14:52:17.110+0200][gc,heap       ] GC(17) Old regions: 14->14
[2022-12-30T14:52:17.110+0200][gc,heap       ] GC(17) Humongous regions: 129->129
[2022-12-30T14:52:17.110+0200][gc,metaspace  ] GC(17) Metaspace: 50926K(53760K)->50926K(53760K) NonClass: 44432K(45824K)->44432K(45824K) Class: 6493K(7936K)->6493K(7936K)
[2022-12-30T14:52:17.111+0200][gc            ] GC(17) Pause Young (Normal) (G1 Evacuation Pause) 218M->145M(1024M) 6.773ms
[2022-12-30T14:52:17.111+0200][gc,cpu        ] GC(17) User=0.04s Sys=0.00s Real=0.01s
[2022-12-30T15:58:02.104+0200][gc,start      ] GC(18) Pause Young (Normal) (G1 Evacuation Pause)
[2022-12-30T15:58:02.104+0200][gc,task       ] GC(18) Using 10 workers of 10 for evacuation
[2022-12-30T15:58:02.137+0200][gc,mmu        ] GC(18) MMU target violated: 21.0ms (20.0ms/21.0ms)
[2022-12-30T15:58:02.137+0200][gc,phases     ] GC(18)   Pre Evacuate Collection Set: 0.0ms
[2022-12-30T15:58:02.137+0200][gc,phases     ] GC(18)   Evacuate Collection Set: 31.8ms
[2022-12-30T15:58:02.137+0200][gc,phases     ] GC(18)   Post Evacuate Collection Set: 1.2ms
[2022-12-30T15:58:02.137+0200][gc,phases     ] GC(18)   Other: 0.4ms
[2022-12-30T15:58:02.137+0200][gc,heap       ] GC(18) Eden regions: 84->0(59)
[2022-12-30T15:58:02.137+0200][gc,heap       ] GC(18) Survivor regions: 4->4(11)
[2022-12-30T15:58:02.137+0200][gc,heap       ] GC(18) Old regions: 14->14
[2022-12-30T15:58:02.137+0200][gc,heap       ] GC(18) Humongous regions: 129->129
[2022-12-30T15:58:02.137+0200][gc,metaspace  ] GC(18) Metaspace: 50944K(53760K)->50944K(53760K) NonClass: 44449K(45824K)->44449K(45824K) Class: 6494K(7936K)->6494K(7936K)
[2022-12-30T15:58:02.137+0200][gc            ] GC(18) Pause Young (Normal) (G1 Evacuation Pause) 229M->145M(1024M) 33.439ms
[2022-12-30T15:58:02.137+0200][gc,cpu        ] GC(18) User=0.08s Sys=0.00s Real=0.04s
[2022-12-30T17:44:43.791+0200][gc,start      ] GC(19) Pause Young (Normal) (G1 Evacuation Pause)
[2022-12-30T17:44:43.791+0200][gc,task       ] GC(19) Using 10 workers of 10 for evacuation
[2022-12-30T17:44:43.832+0200][gc,mmu        ] GC(19) MMU target violated: 21.0ms (20.0ms/21.0ms)
[2022-12-30T17:44:43.832+0200][gc,phases     ] GC(19)   Pre Evacuate Collection Set: 0.1ms
[2022-12-30T17:44:43.832+0200][gc,phases     ] GC(19)   Evacuate Collection Set: 26.3ms
[2022-12-30T17:44:43.832+0200][gc,phases     ] GC(19)   Post Evacuate Collection Set: 14.3ms
[2022-12-30T17:44:43.832+0200][gc,phases     ] GC(19)   Other: 0.3ms
[2022-12-30T17:44:43.832+0200][gc,heap       ] GC(19) Eden regions: 59->0(63)
[2022-12-30T17:44:43.832+0200][gc,heap       ] GC(19) Survivor regions: 4->4(8)
[2022-12-30T17:44:43.832+0200][gc,heap       ] GC(19) Old regions: 14->14
[2022-12-30T17:44:43.832+0200][gc,heap       ] GC(19) Humongous regions: 129->129
[2022-12-30T17:44:43.832+0200][gc,metaspace  ] GC(19) Metaspace: 51426K(54272K)->51426K(54272K) NonClass: 44923K(46336K)->44923K(46336K) Class: 6503K(7936K)->6503K(7936K)
[2022-12-30T17:44:43.832+0200][gc            ] GC(19) Pause Young (Normal) (G1 Evacuation Pause) 204M->146M(1024M) 40.890ms
[2022-12-30T17:44:43.832+0200][gc,cpu        ] GC(19) User=0.24s Sys=0.00s Real=0.04s
[2022-12-30T17:46:35.069+0200][gc,start      ] GC(20) Pause Young (Normal) (G1 Evacuation Pause)
[2022-12-30T17:46:35.069+0200][gc,task       ] GC(20) Using 10 workers of 10 for evacuation
[2022-12-30T17:46:35.076+0200][gc,phases     ] GC(20)   Pre Evacuate Collection Set: 0.0ms
[2022-12-30T17:46:35.076+0200][gc,phases     ] GC(20)   Evacuate Collection Set: 5.9ms
[2022-12-30T17:46:35.076+0200][gc,phases     ] GC(20)   Post Evacuate Collection Set: 0.6ms
[2022-12-30T17:46:35.076+0200][gc,phases     ] GC(20)   Other: 0.4ms
[2022-12-30T17:46:35.076+0200][gc,heap       ] GC(20) Eden regions: 63->0(66)
[2022-12-30T17:46:35.076+0200][gc,heap       ] GC(20) Survivor regions: 4->4(9)
[2022-12-30T17:46:35.076+0200][gc,heap       ] GC(20) Old regions: 14->14
[2022-12-30T17:46:35.076+0200][gc,heap       ] GC(20) Humongous regions: 129->129
[2022-12-30T17:46:35.076+0200][gc,metaspace  ] GC(20) Metaspace: 51438K(54272K)->51438K(54272K) NonClass: 44935K(46336K)->44935K(46336K) Class: 6503K(7936K)->6503K(7936K)
[2022-12-30T17:46:35.076+0200][gc            ] GC(20) Pause Young (Normal) (G1 Evacuation Pause) 209M->146M(1024M) 6.969ms
[2022-12-30T17:46:35.076+0200][gc,cpu        ] GC(20) User=0.06s Sys=0.00s Real=0.01s
[2022-12-30T17:48:42.415+0200][gc,start      ] GC(21) Pause Young (Normal) (G1 Evacuation Pause)
[2022-12-30T17:48:42.415+0200][gc,task       ] GC(21) Using 10 workers of 10 for evacuation
[2022-12-30T17:48:42.460+0200][gc,mmu        ] GC(21) MMU target violated: 21.0ms (20.0ms/21.0ms)
[2022-12-30T17:48:42.460+0200][gc,phases     ] GC(21)   Pre Evacuate Collection Set: 0.0ms
[2022-12-30T17:48:42.460+0200][gc,phases     ] GC(21)   Evacuate Collection Set: 42.7ms
[2022-12-30T17:48:42.460+0200][gc,phases     ] GC(21)   Post Evacuate Collection Set: 2.7ms
[2022-12-30T17:48:42.461+0200][gc,phases     ] GC(21)   Other: 0.4ms
[2022-12-30T17:48:42.461+0200][gc,heap       ] GC(21) Eden regions: 66->0(62)
[2022-12-30T17:48:42.461+0200][gc,heap       ] GC(21) Survivor regions: 4->2(9)
[2022-12-30T17:48:42.461+0200][gc,heap       ] GC(21) Old regions: 14->16
[2022-12-30T17:48:42.461+0200][gc,heap       ] GC(21) Humongous regions: 129->129
[2022-12-30T17:48:42.461+0200][gc,metaspace  ] GC(21) Metaspace: 51451K(54272K)->51451K(54272K) NonClass: 44947K(46336K)->44947K(46336K) Class: 6503K(7936K)->6503K(7936K)
[2022-12-30T17:48:42.461+0200][gc            ] GC(21) Pause Young (Normal) (G1 Evacuation Pause) 212M->146M(1024M) 46.114ms
[2022-12-30T17:48:42.461+0200][gc,cpu        ] GC(21) User=0.10s Sys=0.00s Real=0.04s
[2022-12-30T17:50:42.335+0200][gc,start      ] GC(22) Pause Young (Normal) (G1 Evacuation Pause)
[2022-12-30T17:50:42.335+0200][gc,task       ] GC(22) Using 10 workers of 10 for evacuation
[2022-12-30T17:50:42.338+0200][gc,phases     ] GC(22)   Pre Evacuate Collection Set: 0.0ms
[2022-12-30T17:50:42.338+0200][gc,phases     ] GC(22)   Evacuate Collection Set: 2.3ms
[2022-12-30T17:50:42.338+0200][gc,phases     ] GC(22)   Post Evacuate Collection Set: 0.5ms
[2022-12-30T17:50:42.338+0200][gc,phases     ] GC(22)   Other: 0.2ms
[2022-12-30T17:50:42.338+0200][gc,heap       ] GC(22) Eden regions: 62->0(68)
[2022-12-30T17:50:42.338+0200][gc,heap       ] GC(22) Survivor regions: 2->1(8)
[2022-12-30T17:50:42.338+0200][gc,heap       ] GC(22) Old regions: 16->17
[2022-12-30T17:50:42.338+0200][gc,heap       ] GC(22) Humongous regions: 129->129
[2022-12-30T17:50:42.338+0200][gc,metaspace  ] GC(22) Metaspace: 51465K(54528K)->51465K(54528K) NonClass: 44957K(46592K)->44957K(46592K) Class: 6508K(7936K)->6508K(7936K)
[2022-12-30T17:50:42.338+0200][gc            ] GC(22) Pause Young (Normal) (G1 Evacuation Pause) 208M->146M(1024M) 3.104ms
[2022-12-30T17:50:42.338+0200][gc,cpu        ] GC(22) User=0.02s Sys=0.00s Real=0.00s
[2022-12-30T17:52:54.176+0200][gc,start      ] GC(23) Pause Young (Normal) (G1 Evacuation Pause)
[2022-12-30T17:52:54.176+0200][gc,task       ] GC(23) Using 10 workers of 10 for evacuation
[2022-12-30T17:52:54.179+0200][gc,phases     ] GC(23)   Pre Evacuate Collection Set: 0.1ms
[2022-12-30T17:52:54.179+0200][gc,phases     ] GC(23)   Evacuate Collection Set: 2.1ms
[2022-12-30T17:52:54.179+0200][gc,phases     ] GC(23)   Post Evacuate Collection Set: 0.7ms
[2022-12-30T17:52:54.179+0200][gc,phases     ] GC(23)   Other: 0.3ms
[2022-12-30T17:52:54.179+0200][gc,heap       ] GC(23) Eden regions: 68->0(72)
[2022-12-30T17:52:54.179+0200][gc,heap       ] GC(23) Survivor regions: 1->1(9)
[2022-12-30T17:52:54.179+0200][gc,heap       ] GC(23) Old regions: 17->17
[2022-12-30T17:52:54.179+0200][gc,heap       ] GC(23) Humongous regions: 129->129
[2022-12-30T17:52:54.179+0200][gc,metaspace  ] GC(23) Metaspace: 51470K(54528K)->51470K(54528K) NonClass: 44961K(46592K)->44961K(46592K) Class: 6508K(7936K)->6508K(7936K)
[2022-12-30T17:52:54.179+0200][gc            ] GC(23) Pause Young (Normal) (G1 Evacuation Pause) 214M->146M(1024M) 3.395ms
[2022-12-30T17:52:54.179+0200][gc,cpu        ] GC(23) User=0.02s Sys=0.00s Real=0.00s
[2022-12-30T17:55:15.207+0200][gc,start      ] GC(24) Pause Young (Normal) (G1 Evacuation Pause)
[2022-12-30T17:55:15.207+0200][gc,task       ] GC(24) Using 10 workers of 10 for evacuation
[2022-12-30T17:55:15.209+0200][gc,phases     ] GC(24)   Pre Evacuate Collection Set: 0.0ms
[2022-12-30T17:55:15.209+0200][gc,phases     ] GC(24)   Evacuate Collection Set: 0.8ms
[2022-12-30T17:55:15.209+0200][gc,phases     ] GC(24)   Post Evacuate Collection Set: 0.3ms
[2022-12-30T17:55:15.209+0200][gc,phases     ] GC(24)   Other: 0.1ms
[2022-12-30T17:55:15.209+0200][gc,heap       ] GC(24) Eden regions: 72->0(79)
[2022-12-30T17:55:15.209+0200][gc,heap       ] GC(24) Survivor regions: 1->1(10)
[2022-12-30T17:55:15.209+0200][gc,heap       ] GC(24) Old regions: 17->17
[2022-12-30T17:55:15.209+0200][gc,heap       ] GC(24) Humongous regions: 129->129
[2022-12-30T17:55:15.209+0200][gc,metaspace  ] GC(24) Metaspace: 51493K(54528K)->51493K(54528K) NonClass: 44984K(46592K)->44984K(46592K) Class: 6508K(7936K)->6508K(7936K)
[2022-12-30T17:55:15.209+0200][gc            ] GC(24) Pause Young (Normal) (G1 Evacuation Pause) 218M->146M(1024M) 1.352ms
[2022-12-30T17:55:15.209+0200][gc,cpu        ] GC(24) User=0.00s Sys=0.01s Real=0.00s
[2022-12-30T17:57:48.660+0200][gc,start      ] GC(25) Pause Young (Normal) (G1 Evacuation Pause)
[2022-12-30T17:57:48.661+0200][gc,task       ] GC(25) Using 10 workers of 10 for evacuation
[2022-12-30T17:57:48.698+0200][gc,mmu        ] GC(25) MMU target violated: 21.0ms (20.0ms/21.0ms)
[2022-12-30T17:57:48.698+0200][gc,phases     ] GC(25)   Pre Evacuate Collection Set: 0.0ms
[2022-12-30T17:57:48.698+0200][gc,phases     ] GC(25)   Evacuate Collection Set: 36.9ms
[2022-12-30T17:57:48.698+0200][gc,phases     ] GC(25)   Post Evacuate Collection Set: 0.3ms
[2022-12-30T17:57:48.698+0200][gc,phases     ] GC(25)   Other: 0.4ms
[2022-12-30T17:57:48.698+0200][gc,heap       ] GC(25) Eden regions: 79->0(83)
[2022-12-30T17:57:48.698+0200][gc,heap       ] GC(25) Survivor regions: 1->1(10)
[2022-12-30T17:57:48.698+0200][gc,heap       ] GC(25) Old regions: 17->17
[2022-12-30T17:57:48.698+0200][gc,heap       ] GC(25) Humongous regions: 129->129
[2022-12-30T17:57:48.698+0200][gc,metaspace  ] GC(25) Metaspace: 51512K(54528K)->51512K(54528K) NonClass: 45004K(46592K)->45004K(46592K) Class: 6508K(7936K)->6508K(7936K)
[2022-12-30T17:57:48.698+0200][gc            ] GC(25) Pause Young (Normal) (G1 Evacuation Pause) 225M->146M(1024M) 37.627ms
[2022-12-30T17:57:48.698+0200][gc,cpu        ] GC(25) User=0.33s Sys=0.00s Real=0.04s
[2022-12-30T18:00:31.905+0200][gc,start      ] GC(26) Pause Young (Normal) (G1 Evacuation Pause)
[2022-12-30T18:00:31.906+0200][gc,task       ] GC(26) Using 10 workers of 10 for evacuation
[2022-12-30T18:00:31.910+0200][gc,phases     ] GC(26)   Pre Evacuate Collection Set: 0.1ms
[2022-12-30T18:00:31.910+0200][gc,phases     ] GC(26)   Evacuate Collection Set: 3.5ms
[2022-12-30T18:00:31.911+0200][gc,phases     ] GC(26)   Post Evacuate Collection Set: 0.9ms
[2022-12-30T18:00:31.911+0200][gc,phases     ] GC(26)   Other: 0.6ms
[2022-12-30T18:00:31.911+0200][gc,heap       ] GC(26) Eden regions: 83->0(88)
[2022-12-30T18:00:31.911+0200][gc,heap       ] GC(26) Survivor regions: 1->1(11)
[2022-12-30T18:00:31.911+0200][gc,heap       ] GC(26) Old regions: 17->17
[2022-12-30T18:00:31.911+0200][gc,heap       ] GC(26) Humongous regions: 129->129
[2022-12-30T18:00:31.911+0200][gc,metaspace  ] GC(26) Metaspace: 51527K(54528K)->51527K(54528K) NonClass: 45018K(46592K)->45018K(46592K) Class: 6508K(7936K)->6508K(7936K)
[2022-12-30T18:00:31.911+0200][gc            ] GC(26) Pause Young (Normal) (G1 Evacuation Pause) 229M->146M(1024M) 5.351ms
[2022-12-30T18:00:31.911+0200][gc,cpu        ] GC(26) User=0.02s Sys=0.01s Real=0.01s
[2022-12-30T18:03:22.575+0200][gc,start      ] GC(27) Pause Young (Normal) (G1 Evacuation Pause)
[2022-12-30T18:03:22.575+0200][gc,task       ] GC(27) Using 10 workers of 10 for evacuation
[2022-12-30T18:03:22.577+0200][gc,phases     ] GC(27)   Pre Evacuate Collection Set: 0.0ms
[2022-12-30T18:03:22.577+0200][gc,phases     ] GC(27)   Evacuate Collection Set: 1.5ms
[2022-12-30T18:03:22.577+0200][gc,phases     ] GC(27)   Post Evacuate Collection Set: 0.5ms
[2022-12-30T18:03:22.577+0200][gc,phases     ] GC(27)   Other: 0.3ms
[2022-12-30T18:03:22.577+0200][gc,heap       ] GC(27) Eden regions: 88->0(92)
[2022-12-30T18:03:22.577+0200][gc,heap       ] GC(27) Survivor regions: 1->1(12)
[2022-12-30T18:03:22.577+0200][gc,heap       ] GC(27) Old regions: 17->17
[2022-12-30T18:03:22.577+0200][gc,heap       ] GC(27) Humongous regions: 129->129
[2022-12-30T18:03:22.577+0200][gc,metaspace  ] GC(27) Metaspace: 51536K(54528K)->51536K(54528K) NonClass: 45027K(46592K)->45027K(46592K) Class: 6508K(7936K)->6508K(7936K)
[2022-12-30T18:03:22.577+0200][gc            ] GC(27) Pause Young (Normal) (G1 Evacuation Pause) 234M->146M(1024M) 2.374ms
[2022-12-30T18:03:22.577+0200][gc,cpu        ] GC(27) User=0.01s Sys=0.00s Real=0.00s
[2022-12-30T18:06:21.967+0200][gc,start      ] GC(28) Pause Young (Normal) (G1 Evacuation Pause)
[2022-12-30T18:06:21.967+0200][gc,task       ] GC(28) Using 10 workers of 10 for evacuation
[2022-12-30T18:06:21.992+0200][gc,mmu        ] GC(28) MMU target violated: 21.0ms (20.0ms/21.0ms)
[2022-12-30T18:06:21.992+0200][gc,phases     ] GC(28)   Pre Evacuate Collection Set: 0.0ms
[2022-12-30T18:06:21.992+0200][gc,phases     ] GC(28)   Evacuate Collection Set: 2.7ms
[2022-12-30T18:06:21.992+0200][gc,phases     ] GC(28)   Post Evacuate Collection Set: 21.9ms
[2022-12-30T18:06:21.993+0200][gc,phases     ] GC(28)   Other: 0.5ms
[2022-12-30T18:06:21.993+0200][gc,heap       ] GC(28) Eden regions: 92->0(96)
[2022-12-30T18:06:21.993+0200][gc,heap       ] GC(28) Survivor regions: 1->1(12)
[2022-12-30T18:06:21.993+0200][gc,heap       ] GC(28) Old regions: 17->17
[2022-12-30T18:06:21.993+0200][gc,heap       ] GC(28) Humongous regions: 129->129
[2022-12-30T18:06:21.993+0200][gc,metaspace  ] GC(28) Metaspace: 51538K(54528K)->51538K(54528K) NonClass: 45029K(46592K)->45029K(46592K) Class: 6508K(7936K)->6508K(7936K)
[2022-12-30T18:06:21.993+0200][gc            ] GC(28) Pause Young (Normal) (G1 Evacuation Pause) 238M->146M(1024M) 25.598ms
[2022-12-30T18:06:21.993+0200][gc,cpu        ] GC(28) User=0.03s Sys=0.00s Real=0.02s
[2022-12-30T18:09:28.323+0200][gc,start      ] GC(29) Pause Young (Normal) (G1 Evacuation Pause)
[2022-12-30T18:09:28.323+0200][gc,task       ] GC(29) Using 10 workers of 10 for evacuation
[2022-12-30T18:09:28.353+0200][gc,mmu        ] GC(29) MMU target violated: 21.0ms (20.0ms/21.0ms)
[2022-12-30T18:09:28.353+0200][gc,phases     ] GC(29)   Pre Evacuate Collection Set: 0.0ms
[2022-12-30T18:09:28.353+0200][gc,phases     ] GC(29)   Evacuate Collection Set: 21.5ms
[2022-12-30T18:09:28.353+0200][gc,phases     ] GC(29)   Post Evacuate Collection Set: 7.9ms
[2022-12-30T18:09:28.353+0200][gc,phases     ] GC(29)   Other: 0.2ms
[2022-12-30T18:09:28.353+0200][gc,heap       ] GC(29) Eden regions: 96->0(102)
[2022-12-30T18:09:28.353+0200][gc,heap       ] GC(29) Survivor regions: 1->1(13)
[2022-12-30T18:09:28.353+0200][gc,heap       ] GC(29) Old regions: 17->17
[2022-12-30T18:09:28.353+0200][gc,heap       ] GC(29) Humongous regions: 129->129
[2022-12-30T18:09:28.353+0200][gc,metaspace  ] GC(29) Metaspace: 51548K(54528K)->51548K(54528K) NonClass: 45039K(46592K)->45039K(46592K) Class: 6508K(7936K)->6508K(7936K)
[2022-12-30T18:09:28.353+0200][gc            ] GC(29) Pause Young (Normal) (G1 Evacuation Pause) 242M->146M(1024M) 29.702ms
[2022-12-30T18:09:28.353+0200][gc,cpu        ] GC(29) User=0.20s Sys=0.00s Real=0.03s
[2022-12-30T18:12:46.844+0200][gc,start      ] GC(30) Pause Young (Normal) (G1 Evacuation Pause)
[2022-12-30T18:12:46.844+0200][gc,task       ] GC(30) Using 10 workers of 10 for evacuation
[2022-12-30T18:12:46.863+0200][gc,phases     ] GC(30)   Pre Evacuate Collection Set: 0.1ms
[2022-12-30T18:12:46.863+0200][gc,phases     ] GC(30)   Evacuate Collection Set: 13.3ms
[2022-12-30T18:12:46.863+0200][gc,phases     ] GC(30)   Post Evacuate Collection Set: 5.1ms
[2022-12-30T18:12:46.863+0200][gc,phases     ] GC(30)   Other: 0.5ms
[2022-12-30T18:12:46.863+0200][gc,heap       ] GC(30) Eden regions: 102->0(102)
[2022-12-30T18:12:46.864+0200][gc,heap       ] GC(30) Survivor regions: 1->2(13)
[2022-12-30T18:12:46.864+0200][gc,heap       ] GC(30) Old regions: 17->17
[2022-12-30T18:12:46.864+0200][gc,heap       ] GC(30) Humongous regions: 129->129
[2022-12-30T18:12:46.864+0200][gc,metaspace  ] GC(30) Metaspace: 51555K(54528K)->51555K(54528K) NonClass: 45046K(46592K)->45046K(46592K) Class: 6508K(7936K)->6508K(7936K)
[2022-12-30T18:12:46.864+0200][gc            ] GC(30) Pause Young (Normal) (G1 Evacuation Pause) 248M->146M(1024M) 19.505ms
[2022-12-30T18:12:46.864+0200][gc,cpu        ] GC(30) User=0.07s Sys=0.01s Real=0.02s
[2022-12-30T18:16:05.215+0200][gc,start      ] GC(31) Pause Young (Normal) (G1 Evacuation Pause)
[2022-12-30T18:16:05.215+0200][gc,task       ] GC(31) Using 10 workers of 10 for evacuation
[2022-12-30T18:16:05.379+0200][gc,mmu        ] GC(31) MMU target violated: 21.0ms (20.0ms/21.0ms)
[2022-12-30T18:16:05.379+0200][gc,phases     ] GC(31)   Pre Evacuate Collection Set: 0.0ms
[2022-12-30T18:16:05.379+0200][gc,phases     ] GC(31)   Evacuate Collection Set: 1.6ms
[2022-12-30T18:16:05.379+0200][gc,phases     ] GC(31)   Post Evacuate Collection Set: 161.9ms
[2022-12-30T18:16:05.379+0200][gc,phases     ] GC(31)   Other: 0.4ms
[2022-12-30T18:16:05.379+0200][gc,heap       ] GC(31) Eden regions: 102->0(106)
[2022-12-30T18:16:05.379+0200][gc,heap       ] GC(31) Survivor regions: 2->2(13)
[2022-12-30T18:16:05.379+0200][gc,heap       ] GC(31) Old regions: 17->17
[2022-12-30T18:16:05.379+0200][gc,heap       ] GC(31) Humongous regions: 129->129
[2022-12-30T18:16:05.379+0200][gc,metaspace  ] GC(31) Metaspace: 51557K(54528K)->51557K(54528K) NonClass: 45048K(46592K)->45048K(46592K) Class: 6508K(7936K)->6508K(7936K)
[2022-12-30T18:16:05.379+0200][gc            ] GC(31) Pause Young (Normal) (G1 Evacuation Pause) 248M->146M(1024M) 164.137ms
[2022-12-30T18:16:05.379+0200][gc,cpu        ] GC(31) User=0.01s Sys=0.01s Real=0.16s
[2022-12-30T18:19:31.563+0200][gc,start      ] GC(32) Pause Young (Normal) (G1 Evacuation Pause)
[2022-12-30T18:19:31.563+0200][gc,task       ] GC(32) Using 10 workers of 10 for evacuation
[2022-12-30T18:19:31.569+0200][gc,phases     ] GC(32)   Pre Evacuate Collection Set: 0.0ms
[2022-12-30T18:19:31.569+0200][gc,phases     ] GC(32)   Evacuate Collection Set: 3.7ms
[2022-12-30T18:19:31.569+0200][gc,phases     ] GC(32)   Post Evacuate Collection Set: 1.2ms
[2022-12-30T18:19:31.569+0200][gc,phases     ] GC(32)   Other: 0.4ms
[2022-12-30T18:19:31.569+0200][gc,heap       ] GC(32) Eden regions: 106->0(203)
[2022-12-30T18:19:31.569+0200][gc,heap       ] GC(32) Survivor regions: 2->2(14)
[2022-12-30T18:19:31.569+0200][gc,heap       ] GC(32) Old regions: 17->17
[2022-12-30T18:19:31.569+0200][gc,heap       ] GC(32) Humongous regions: 129->129
[2022-12-30T18:19:31.569+0200][gc,metaspace  ] GC(32) Metaspace: 51557K(54528K)->51557K(54528K) NonClass: 45048K(46592K)->45048K(46592K) Class: 6508K(7936K)->6508K(7936K)
[2022-12-30T18:19:31.569+0200][gc            ] GC(32) Pause Young (Normal) (G1 Evacuation Pause) 252M->147M(1024M) 5.696ms
[2022-12-30T18:19:31.569+0200][gc,cpu        ] GC(32) User=0.04s Sys=0.00s Real=0.01s
[2022-12-30T18:26:06.330+0200][gc,start      ] GC(33) Pause Young (Normal) (G1 Evacuation Pause)
[2022-12-30T18:26:06.330+0200][gc,task       ] GC(33) Using 10 workers of 10 for evacuation
[2022-12-30T18:26:06.451+0200][gc,mmu        ] GC(33) MMU target violated: 21.0ms (20.0ms/21.0ms)
[2022-12-30T18:26:06.452+0200][gc,phases     ] GC(33)   Pre Evacuate Collection Set: 0.1ms
[2022-12-30T18:26:06.452+0200][gc,phases     ] GC(33)   Evacuate Collection Set: 3.6ms
[2022-12-30T18:26:06.452+0200][gc,phases     ] GC(33)   Post Evacuate Collection Set: 117.0ms
[2022-12-30T18:26:06.452+0200][gc,phases     ] GC(33)   Other: 0.6ms
[2022-12-30T18:26:06.452+0200][gc,heap       ] GC(33) Eden regions: 203->0(435)
[2022-12-30T18:26:06.452+0200][gc,heap       ] GC(33) Survivor regions: 2->2(26)
[2022-12-30T18:26:06.452+0200][gc,heap       ] GC(33) Old regions: 17->17
[2022-12-30T18:26:06.452+0200][gc,heap       ] GC(33) Humongous regions: 129->129
[2022-12-30T18:26:06.452+0200][gc,metaspace  ] GC(33) Metaspace: 51558K(54528K)->51558K(54528K) NonClass: 45049K(46592K)->45049K(46592K) Class: 6508K(7936K)->6508K(7936K)
[2022-12-30T18:26:06.452+0200][gc            ] GC(33) Pause Young (Normal) (G1 Evacuation Pause) 350M->147M(1024M) 121.256ms
[2022-12-30T18:26:06.452+0200][gc,cpu        ] GC(33) User=0.04s Sys=0.00s Real=0.12s
[2022-12-30T18:39:08.504+0200][gc,start      ] GC(34) Pause Young (Normal) (G1 Evacuation Pause)
[2022-12-30T18:39:08.504+0200][gc,task       ] GC(34) Using 10 workers of 10 for evacuation
[2022-12-30T18:39:08.747+0200][gc,mmu        ] GC(34) MMU target violated: 21.0ms (20.0ms/21.0ms)
[2022-12-30T18:39:08.747+0200][gc,phases     ] GC(34)   Pre Evacuate Collection Set: 0.0ms
[2022-12-30T18:39:08.748+0200][gc,phases     ] GC(34)   Evacuate Collection Set: 47.5ms
[2022-12-30T18:39:08.748+0200][gc,phases     ] GC(34)   Post Evacuate Collection Set: 195.5ms
[2022-12-30T18:39:08.748+0200][gc,phases     ] GC(34)   Other: 0.3ms
[2022-12-30T18:39:08.748+0200][gc,heap       ] GC(34) Eden regions: 435->0(87)
[2022-12-30T18:39:08.748+0200][gc,heap       ] GC(34) Survivor regions: 2->2(55)
[2022-12-30T18:39:08.748+0200][gc,heap       ] GC(34) Old regions: 17->17
[2022-12-30T18:39:08.748+0200][gc,heap       ] GC(34) Humongous regions: 129->129
[2022-12-30T18:39:08.748+0200][gc,metaspace  ] GC(34) Metaspace: 51591K(54528K)->51591K(54528K) NonClass: 45077K(46592K)->45077K(46592K) Class: 6514K(7936K)->6514K(7936K)
[2022-12-30T18:39:08.748+0200][gc            ] GC(34) Pause Young (Normal) (G1 Evacuation Pause) 582M->147M(1024M) 243.503ms
[2022-12-30T18:39:08.748+0200][gc,cpu        ] GC(34) User=0.13s Sys=0.01s Real=0.25s
[2022-12-30T18:40:34.543+0200][gc,start      ] GC(35) Pause Young (Normal) (G1 Evacuation Pause)
[2022-12-30T18:40:34.543+0200][gc,task       ] GC(35) Using 10 workers of 10 for evacuation
[2022-12-30T18:40:34.546+0200][gc,phases     ] GC(35)   Pre Evacuate Collection Set: 0.0ms
[2022-12-30T18:40:34.546+0200][gc,phases     ] GC(35)   Evacuate Collection Set: 2.1ms
[2022-12-30T18:40:34.546+0200][gc,phases     ] GC(35)   Post Evacuate Collection Set: 0.7ms
[2022-12-30T18:40:34.546+0200][gc,phases     ] GC(35)   Other: 0.3ms
[2022-12-30T18:40:34.546+0200][gc,heap       ] GC(35) Eden regions: 87->0(93)
[2022-12-30T18:40:34.546+0200][gc,heap       ] GC(35) Survivor regions: 2->2(12)
[2022-12-30T18:40:34.546+0200][gc,heap       ] GC(35) Old regions: 17->17
[2022-12-30T18:40:34.546+0200][gc,heap       ] GC(35) Humongous regions: 129->129
[2022-12-30T18:40:34.546+0200][gc,metaspace  ] GC(35) Metaspace: 51591K(54528K)->51591K(54528K) NonClass: 45077K(46592K)->45077K(46592K) Class: 6514K(7936K)->6514K(7936K)
[2022-12-30T18:40:34.546+0200][gc            ] GC(35) Pause Young (Normal) (G1 Evacuation Pause) 234M->147M(1024M) 3.439ms
[2022-12-30T18:40:34.546+0200][gc,cpu        ] GC(35) User=0.02s Sys=0.00s Real=0.01s
[2022-12-30T18:42:06.777+0200][gc,start      ] GC(36) Pause Young (Normal) (G1 Evacuation Pause)
[2022-12-30T18:42:06.777+0200][gc,task       ] GC(36) Using 10 workers of 10 for evacuation
[2022-12-30T18:42:06.802+0200][gc,mmu        ] GC(36) MMU target violated: 21.0ms (20.0ms/21.0ms)
[2022-12-30T18:42:06.802+0200][gc,phases     ] GC(36)   Pre Evacuate Collection Set: 0.0ms
[2022-12-30T18:42:06.802+0200][gc,phases     ] GC(36)   Evacuate Collection Set: 24.0ms
[2022-12-30T18:42:06.802+0200][gc,phases     ] GC(36)   Post Evacuate Collection Set: 0.4ms
[2022-12-30T18:42:06.802+0200][gc,phases     ] GC(36)   Other: 0.2ms
[2022-12-30T18:42:06.802+0200][gc,heap       ] GC(36) Eden regions: 93->0(98)
[2022-12-30T18:42:06.802+0200][gc,heap       ] GC(36) Survivor regions: 2->2(12)
[2022-12-30T18:42:06.802+0200][gc,heap       ] GC(36) Old regions: 17->17
[2022-12-30T18:42:06.802+0200][gc,heap       ] GC(36) Humongous regions: 129->129
[2022-12-30T18:42:06.802+0200][gc,metaspace  ] GC(36) Metaspace: 51591K(54528K)->51591K(54528K) NonClass: 45077K(46592K)->45077K(46592K) Class: 6514K(7936K)->6514K(7936K)
[2022-12-30T18:42:06.802+0200][gc            ] GC(36) Pause Young (Normal) (G1 Evacuation Pause) 240M->147M(1024M) 24.782ms
[2022-12-30T18:42:06.802+0200][gc,cpu        ] GC(36) User=0.22s Sys=0.00s Real=0.02s
[2022-12-30T18:43:43.339+0200][gc,start      ] GC(37) Pause Young (Normal) (G1 Evacuation Pause)
[2022-12-30T18:43:43.339+0200][gc,task       ] GC(37) Using 10 workers of 10 for evacuation
[2022-12-30T18:43:43.342+0200][gc,phases     ] GC(37)   Pre Evacuate Collection Set: 0.0ms
[2022-12-30T18:43:43.342+0200][gc,phases     ] GC(37)   Evacuate Collection Set: 1.7ms
[2022-12-30T18:43:43.342+0200][gc,phases     ] GC(37)   Post Evacuate Collection Set: 1.2ms
[2022-12-30T18:43:43.343+0200][gc,phases     ] GC(37)   Other: 0.2ms
[2022-12-30T18:43:43.343+0200][gc,heap       ] GC(37) Eden regions: 98->0(104)
[2022-12-30T18:43:43.343+0200][gc,heap       ] GC(37) Survivor regions: 2->2(13)
[2022-12-30T18:43:43.343+0200][gc,heap       ] GC(37) Old regions: 17->17
[2022-12-30T18:43:43.343+0200][gc,heap       ] GC(37) Humongous regions: 129->129
[2022-12-30T18:43:43.343+0200][gc,metaspace  ] GC(37) Metaspace: 51591K(54528K)->51591K(54528K) NonClass: 45077K(46592K)->45077K(46592K) Class: 6514K(7936K)->6514K(7936K)
[2022-12-30T18:43:43.343+0200][gc            ] GC(37) Pause Young (Normal) (G1 Evacuation Pause) 245M->147M(1024M) 3.177ms
[2022-12-30T18:43:43.343+0200][gc,cpu        ] GC(37) User=0.01s Sys=0.00s Real=0.00s
[2022-12-30T18:45:23.774+0200][gc,start      ] GC(38) Pause Young (Normal) (G1 Evacuation Pause)
[2022-12-30T18:45:23.775+0200][gc,task       ] GC(38) Using 10 workers of 10 for evacuation
[2022-12-30T18:45:23.803+0200][gc,mmu        ] GC(38) MMU target violated: 21.0ms (20.0ms/21.0ms)
[2022-12-30T18:45:23.803+0200][gc,phases     ] GC(38)   Pre Evacuate Collection Set: 0.0ms
[2022-12-30T18:45:23.803+0200][gc,phases     ] GC(38)   Evacuate Collection Set: 27.5ms
[2022-12-30T18:45:23.803+0200][gc,phases     ] GC(38)   Post Evacuate Collection Set: 0.4ms
[2022-12-30T18:45:23.803+0200][gc,phases     ] GC(38)   Other: 0.4ms
[2022-12-30T18:45:23.803+0200][gc,heap       ] GC(38) Eden regions: 104->0(104)
[2022-12-30T18:45:23.803+0200][gc,heap       ] GC(38) Survivor regions: 2->2(14)
[2022-12-30T18:45:23.803+0200][gc,heap       ] GC(38) Old regions: 17->18
[2022-12-30T18:45:23.803+0200][gc,heap       ] GC(38) Humongous regions: 129->129
[2022-12-30T18:45:23.803+0200][gc,metaspace  ] GC(38) Metaspace: 51596K(54528K)->51596K(54528K) NonClass: 45082K(46592K)->45082K(46592K) Class: 6514K(7936K)->6514K(7936K)
[2022-12-30T18:45:23.803+0200][gc            ] GC(38) Pause Young (Normal) (G1 Evacuation Pause) 251M->147M(1024M) 28.444ms
[2022-12-30T18:45:23.803+0200][gc,cpu        ] GC(38) User=0.20s Sys=0.00s Real=0.02s
[2022-12-30T18:47:06.614+0200][gc,start      ] GC(39) Pause Young (Normal) (G1 Evacuation Pause)
[2022-12-30T18:47:06.614+0200][gc,task       ] GC(39) Using 10 workers of 10 for evacuation
[2022-12-30T18:47:06.615+0200][gc,phases     ] GC(39)   Pre Evacuate Collection Set: 0.0ms
[2022-12-30T18:47:06.615+0200][gc,phases     ] GC(39)   Evacuate Collection Set: 1.0ms
[2022-12-30T18:47:06.615+0200][gc,phases     ] GC(39)   Post Evacuate Collection Set: 0.3ms
[2022-12-30T18:47:06.615+0200][gc,phases     ] GC(39)   Other: 0.1ms
[2022-12-30T18:47:06.615+0200][gc,heap       ] GC(39) Eden regions: 104->0(109)
[2022-12-30T18:47:06.615+0200][gc,heap       ] GC(39) Survivor regions: 2->2(14)
[2022-12-30T18:47:06.615+0200][gc,heap       ] GC(39) Old regions: 18->18
[2022-12-30T18:47:06.615+0200][gc,heap       ] GC(39) Humongous regions: 129->129
[2022-12-30T18:47:06.615+0200][gc,metaspace  ] GC(39) Metaspace: 51596K(54528K)->51596K(54528K) NonClass: 45082K(46592K)->45082K(46592K) Class: 6514K(7936K)->6514K(7936K)
[2022-12-30T18:47:06.615+0200][gc            ] GC(39) Pause Young (Normal) (G1 Evacuation Pause) 251M->147M(1024M) 1.564ms
[2022-12-30T18:47:06.615+0200][gc,cpu        ] GC(39) User=0.01s Sys=0.00s Real=0.00s
[2022-12-30T18:48:54.993+0200][gc,start      ] GC(40) Pause Young (Normal) (G1 Evacuation Pause)
[2022-12-30T18:48:54.993+0200][gc,task       ] GC(40) Using 10 workers of 10 for evacuation
[2022-12-30T18:48:54.994+0200][gc,phases     ] GC(40)   Pre Evacuate Collection Set: 0.0ms
[2022-12-30T18:48:54.994+0200][gc,phases     ] GC(40)   Evacuate Collection Set: 1.1ms
[2022-12-30T18:48:54.994+0200][gc,phases     ] GC(40)   Post Evacuate Collection Set: 0.4ms
[2022-12-30T18:48:54.994+0200][gc,phases     ] GC(40)   Other: 0.1ms
[2022-12-30T18:48:54.994+0200][gc,heap       ] GC(40) Eden regions: 109->0(115)
[2022-12-30T18:48:54.994+0200][gc,heap       ] GC(40) Survivor regions: 2->2(14)
[2022-12-30T18:48:54.994+0200][gc,heap       ] GC(40) Old regions: 18->18
[2022-12-30T18:48:54.994+0200][gc,heap       ] GC(40) Humongous regions: 129->129
[2022-12-30T18:48:54.994+0200][gc,metaspace  ] GC(40) Metaspace: 51597K(54528K)->51597K(54528K) NonClass: 45083K(46592K)->45083K(46592K) Class: 6514K(7936K)->6514K(7936K)
[2022-12-30T18:48:54.994+0200][gc            ] GC(40) Pause Young (Normal) (G1 Evacuation Pause) 256M->147M(1024M) 1.664ms
[2022-12-30T18:48:54.994+0200][gc,cpu        ] GC(40) User=0.01s Sys=0.00s Real=0.01s
[2022-12-30T18:50:49.165+0200][gc,start      ] GC(41) Pause Young (Normal) (G1 Evacuation Pause)
[2022-12-30T18:50:49.165+0200][gc,task       ] GC(41) Using 10 workers of 10 for evacuation
[2022-12-30T18:50:49.170+0200][gc,phases     ] GC(41)   Pre Evacuate Collection Set: 0.0ms
[2022-12-30T18:50:49.170+0200][gc,phases     ] GC(41)   Evacuate Collection Set: 3.6ms
[2022-12-30T18:50:49.170+0200][gc,phases     ] GC(41)   Post Evacuate Collection Set: 0.9ms
[2022-12-30T18:50:49.170+0200][gc,phases     ] GC(41)   Other: 0.5ms
[2022-12-30T18:50:49.170+0200][gc,heap       ] GC(41) Eden regions: 115->0(120)
[2022-12-30T18:50:49.170+0200][gc,heap       ] GC(41) Survivor regions: 2->2(15)
[2022-12-30T18:50:49.170+0200][gc,heap       ] GC(41) Old regions: 18->18
[2022-12-30T18:50:49.170+0200][gc,heap       ] GC(41) Humongous regions: 129->129
[2022-12-30T18:50:49.170+0200][gc,metaspace  ] GC(41) Metaspace: 51597K(54528K)->51597K(54528K) NonClass: 45083K(46592K)->45083K(46592K) Class: 6514K(7936K)->6514K(7936K)
[2022-12-30T18:50:49.170+0200][gc            ] GC(41) Pause Young (Normal) (G1 Evacuation Pause) 262M->147M(1024M) 5.249ms
[2022-12-30T18:50:49.170+0200][gc,cpu        ] GC(41) User=0.03s Sys=0.01s Real=0.01s
[2022-12-30T18:52:50.509+0200][gc,start      ] GC(42) Pause Young (Normal) (G1 Evacuation Pause)
[2022-12-30T18:52:50.509+0200][gc,task       ] GC(42) Using 10 workers of 10 for evacuation
[2022-12-30T18:52:50.512+0200][gc,phases     ] GC(42)   Pre Evacuate Collection Set: 0.0ms
[2022-12-30T18:52:50.512+0200][gc,phases     ] GC(42)   Evacuate Collection Set: 2.1ms
[2022-12-30T18:52:50.512+0200][gc,phases     ] GC(42)   Post Evacuate Collection Set: 0.6ms
[2022-12-30T18:52:50.512+0200][gc,phases     ] GC(42)   Other: 0.3ms
[2022-12-30T18:52:50.512+0200][gc,heap       ] GC(42) Eden regions: 120->0(128)
[2022-12-30T18:52:50.512+0200][gc,heap       ] GC(42) Survivor regions: 2->2(16)
[2022-12-30T18:52:50.512+0200][gc,heap       ] GC(42) Old regions: 18->18
[2022-12-30T18:52:50.512+0200][gc,heap       ] GC(42) Humongous regions: 129->129
[2022-12-30T18:52:50.512+0200][gc,metaspace  ] GC(42) Metaspace: 51600K(54528K)->51600K(54528K) NonClass: 45085K(46592K)->45085K(46592K) Class: 6514K(7936K)->6514K(7936K)
[2022-12-30T18:52:50.512+0200][gc            ] GC(42) Pause Young (Normal) (G1 Evacuation Pause) 267M->147M(1024M) 3.197ms
[2022-12-30T18:52:50.512+0200][gc,cpu        ] GC(42) User=0.02s Sys=0.00s Real=0.00s
[2022-12-30T18:56:14.122+0200][gc,start      ] GC(43) Pause Young (Normal) (G1 Evacuation Pause)
[2022-12-30T18:56:14.122+0200][gc,task       ] GC(43) Using 10 workers of 10 for evacuation
[2022-12-30T18:56:14.127+0200][gc,phases     ] GC(43)   Pre Evacuate Collection Set: 0.0ms
[2022-12-30T18:56:14.127+0200][gc,phases     ] GC(43)   Evacuate Collection Set: 3.8ms
[2022-12-30T18:56:14.127+0200][gc,phases     ] GC(43)   Post Evacuate Collection Set: 1.2ms
[2022-12-30T18:56:14.128+0200][gc,phases     ] GC(43)   Other: 0.4ms
[2022-12-30T18:56:14.128+0200][gc,heap       ] GC(43) Eden regions: 128->0(136)
[2022-12-30T18:56:14.128+0200][gc,heap       ] GC(43) Survivor regions: 2->2(17)
[2022-12-30T18:56:14.128+0200][gc,heap       ] GC(43) Old regions: 18->18
[2022-12-30T18:56:14.128+0200][gc,heap       ] GC(43) Humongous regions: 129->129
[2022-12-30T18:56:14.128+0200][gc,metaspace  ] GC(43) Metaspace: 51606K(54528K)->51606K(54528K) NonClass: 45092K(46592K)->45092K(46592K) Class: 6514K(7936K)->6514K(7936K)
[2022-12-30T18:56:14.128+0200][gc            ] GC(43) Pause Young (Normal) (G1 Evacuation Pause) 275M->147M(1024M) 5.743ms
[2022-12-30T18:56:14.128+0200][gc,cpu        ] GC(43) User=0.03s Sys=0.00s Real=0.01s
[2022-12-30T19:00:35.179+0200][gc,start      ] GC(44) Pause Young (Normal) (G1 Evacuation Pause)
[2022-12-30T19:00:35.179+0200][gc,task       ] GC(44) Using 10 workers of 10 for evacuation
[2022-12-30T19:00:35.181+0200][gc,phases     ] GC(44)   Pre Evacuate Collection Set: 0.0ms
[2022-12-30T19:00:35.181+0200][gc,phases     ] GC(44)   Evacuate Collection Set: 1.6ms
[2022-12-30T19:00:35.181+0200][gc,phases     ] GC(44)   Post Evacuate Collection Set: 0.5ms
[2022-12-30T19:00:35.181+0200][gc,phases     ] GC(44)   Other: 0.2ms
[2022-12-30T19:00:35.181+0200][gc,heap       ] GC(44) Eden regions: 136->0(150)
[2022-12-30T19:00:35.181+0200][gc,heap       ] GC(44) Survivor regions: 2->2(18)
[2022-12-30T19:00:35.181+0200][gc,heap       ] GC(44) Old regions: 18->18
[2022-12-30T19:00:35.181+0200][gc,heap       ] GC(44) Humongous regions: 129->129
[2022-12-30T19:00:35.181+0200][gc,metaspace  ] GC(44) Metaspace: 51609K(54528K)->51609K(54528K) NonClass: 45094K(46592K)->45094K(46592K) Class: 6514K(7936K)->6514K(7936K)
[2022-12-30T19:00:35.181+0200][gc            ] GC(44) Pause Young (Normal) (G1 Evacuation Pause) 283M->147M(1024M) 2.444ms
[2022-12-30T19:00:35.181+0200][gc,cpu        ] GC(44) User=0.01s Sys=0.01s Real=0.00s
[2022-12-30T19:02:56.097+0200][gc,heap,exit  ] Heap
[2022-12-30T19:02:56.097+0200][gc,heap,exit  ]  garbage-first heap   total 1048576K, used 234034K [0x00000000c0000000, 0x0000000100000000)
[2022-12-30T19:02:56.097+0200][gc,heap,exit  ]   region size 1024K, 85 young (87040K), 2 survivors (2048K)
[2022-12-30T19:02:56.097+0200][gc,heap,exit  ]  Metaspace       used 52404K, capacity 55387K, committed 55680K, reserved 1097728K
[2022-12-30T19:02:56.097+0200][gc,heap,exit  ]   class space    used 6736K, capacity 8247K, committed 8320K, reserved 1048576K
